2025-10-05T18:57:15.1873984Z Current runner version: '2.328.0'
2025-10-05T18:57:15.1897105Z ##[group]Runner Image Provisioner
2025-10-05T18:57:15.1897914Z Hosted Compute Agent
2025-10-05T18:57:15.1898480Z Version: 20250912.392
2025-10-05T18:57:15.1899042Z Commit: d921fda672a98b64f4f82364647e2f10b2267d0b
2025-10-05T18:57:15.1900111Z Build Date: 2025-09-12T15:23:14Z
2025-10-05T18:57:15.1900747Z ##[endgroup]
2025-10-05T18:57:15.1901271Z ##[group]Operating System
2025-10-05T18:57:15.1901934Z Ubuntu
2025-10-05T18:57:15.1902387Z 24.04.3
2025-10-05T18:57:15.1902848Z LTS
2025-10-05T18:57:15.1903340Z ##[endgroup]
2025-10-05T18:57:15.1903835Z ##[group]Runner Image
2025-10-05T18:57:15.1904379Z Image: ubuntu-24.04
2025-10-05T18:57:15.1904945Z Version: 20250929.60.1
2025-10-05T18:57:15.1905981Z Included Software: https://github.com/actions/runner-images/blob/ubuntu24/20250929.60/images/ubuntu/Ubuntu2404-Readme.md
2025-10-05T18:57:15.1907587Z Image Release: https://github.com/actions/runner-images/releases/tag/ubuntu24%2F20250929.60
2025-10-05T18:57:15.1908567Z ##[endgroup]
2025-10-05T18:57:15.1909626Z ##[group]GITHUB_TOKEN Permissions
2025-10-05T18:57:15.1911777Z Contents: read
2025-10-05T18:57:15.1912355Z Metadata: read
2025-10-05T18:57:15.1912894Z ##[endgroup]
2025-10-05T18:57:15.1914932Z Secret source: Actions
2025-10-05T18:57:15.1915637Z Prepare workflow directory
2025-10-05T18:57:15.2559427Z Prepare all required actions
2025-10-05T18:57:15.2596289Z Getting action download info
2025-10-05T18:57:15.6923789Z Download action repository 'actions/checkout@v4' (SHA:08eba0b27e820071cde6df949e0beb9ba4906955)
2025-10-05T18:57:15.8624438Z Download action repository 'actions/setup-python@v5' (SHA:a26af69be951a213d495a4c3e4e4022e16d87065)
2025-10-05T18:57:15.9973259Z Download action repository 'pre-commit/action@v3.0.0' (SHA:646c83fcd040023954eafda54b4db0192ce70507)
2025-10-05T18:57:16.4778842Z Getting action download info
2025-10-05T18:57:16.6698923Z Download action repository 'actions/cache@v3' (SHA:6f8efc29b200d32929f49075959781ed54ec270c)
2025-10-05T18:57:16.8418306Z Getting action download info
2025-10-05T18:57:17.0520890Z Complete job name: Linting with Python 3.11
2025-10-05T18:57:17.1238654Z ##[group]Run actions/checkout@v4
2025-10-05T18:57:17.1240125Z with:
2025-10-05T18:57:17.1240892Z   repository: nntile/nntile
2025-10-05T18:57:17.1242053Z   token: ***
2025-10-05T18:57:17.1242808Z   ssh-strict: true
2025-10-05T18:57:17.1243599Z   ssh-user: git
2025-10-05T18:57:17.1244384Z   persist-credentials: true
2025-10-05T18:57:17.1245282Z   clean: true
2025-10-05T18:57:17.1246095Z   sparse-checkout-cone-mode: true
2025-10-05T18:57:17.1247079Z   fetch-depth: 1
2025-10-05T18:57:17.1247862Z   fetch-tags: false
2025-10-05T18:57:17.1248661Z   show-progress: true
2025-10-05T18:57:17.1249460Z   lfs: false
2025-10-05T18:57:17.1250499Z   submodules: false
2025-10-05T18:57:17.1251294Z   set-safe-directory: true
2025-10-05T18:57:17.1252458Z ##[endgroup]
2025-10-05T18:57:17.2311354Z Syncing repository: nntile/nntile
2025-10-05T18:57:17.2314741Z ##[group]Getting Git version info
2025-10-05T18:57:17.2316761Z Working directory is '/home/runner/work/nntile/nntile'
2025-10-05T18:57:17.2319938Z [command]/usr/bin/git version
2025-10-05T18:57:17.2387839Z git version 2.51.0
2025-10-05T18:57:17.2415176Z ##[endgroup]
2025-10-05T18:57:17.2427813Z Temporarily overriding HOME='/home/runner/work/_temp/7559b1dd-486e-453b-b310-da273b1b632c' before making global git config changes
2025-10-05T18:57:17.2430919Z Adding repository directory to the temporary git global config as a safe directory
2025-10-05T18:57:17.2433377Z [command]/usr/bin/git config --global --add safe.directory /home/runner/work/nntile/nntile
2025-10-05T18:57:17.2472311Z Deleting the contents of '/home/runner/work/nntile/nntile'
2025-10-05T18:57:17.2477055Z ##[group]Initializing the repository
2025-10-05T18:57:17.2482098Z [command]/usr/bin/git init /home/runner/work/nntile/nntile
2025-10-05T18:57:17.2607811Z hint: Using 'master' as the name for the initial branch. This default branch name
2025-10-05T18:57:17.2611379Z hint: is subject to change. To configure the initial branch name to use in all
2025-10-05T18:57:17.2614888Z hint: of your new repositories, which will suppress this warning, call:
2025-10-05T18:57:17.2617277Z hint:
2025-10-05T18:57:17.2619064Z hint: 	git config --global init.defaultBranch <name>
2025-10-05T18:57:17.2621339Z hint:
2025-10-05T18:57:17.2623251Z hint: Names commonly chosen instead of 'master' are 'main', 'trunk' and
2025-10-05T18:57:17.2626423Z hint: 'development'. The just-created branch can be renamed via this command:
2025-10-05T18:57:17.2628915Z hint:
2025-10-05T18:57:17.2630407Z hint: 	git branch -m <name>
2025-10-05T18:57:17.2631901Z hint:
2025-10-05T18:57:17.2633939Z hint: Disable this message with "git config set advice.defaultBranchName false"
2025-10-05T18:57:17.2637356Z Initialized empty Git repository in /home/runner/work/nntile/nntile/.git/
2025-10-05T18:57:17.2642718Z [command]/usr/bin/git remote add origin https://github.com/nntile/nntile
2025-10-05T18:57:17.2666204Z ##[endgroup]
2025-10-05T18:57:17.2668688Z ##[group]Disabling automatic garbage collection
2025-10-05T18:57:17.2671166Z [command]/usr/bin/git config --local gc.auto 0
2025-10-05T18:57:17.2700577Z ##[endgroup]
2025-10-05T18:57:17.2702830Z ##[group]Setting up auth
2025-10-05T18:57:17.2705991Z [command]/usr/bin/git config --local --name-only --get-regexp core\.sshCommand
2025-10-05T18:57:17.2739065Z [command]/usr/bin/git submodule foreach --recursive sh -c "git config --local --name-only --get-regexp 'core\.sshCommand' && git config --local --unset-all 'core.sshCommand' || :"
2025-10-05T18:57:17.3090885Z [command]/usr/bin/git config --local --name-only --get-regexp http\.https\:\/\/github\.com\/\.extraheader
2025-10-05T18:57:17.3118878Z [command]/usr/bin/git submodule foreach --recursive sh -c "git config --local --name-only --get-regexp 'http\.https\:\/\/github\.com\/\.extraheader' && git config --local --unset-all 'http.https://github.com/.extraheader' || :"
2025-10-05T18:57:17.3332764Z [command]/usr/bin/git config --local http.https://github.com/.extraheader AUTHORIZATION: basic ***
2025-10-05T18:57:17.3373569Z ##[endgroup]
2025-10-05T18:57:17.3375211Z ##[group]Fetching the repository
2025-10-05T18:57:17.3382698Z [command]/usr/bin/git -c protocol.version=2 fetch --no-tags --prune --no-recurse-submodules --depth=1 origin +d40478a7c526658fc296a3d4bdde98bf4d604e1e:refs/remotes/pull/274/merge
2025-10-05T18:57:17.9813625Z From https://github.com/nntile/nntile
2025-10-05T18:57:17.9816153Z  * [new ref]         d40478a7c526658fc296a3d4bdde98bf4d604e1e -> pull/274/merge
2025-10-05T18:57:17.9847529Z ##[endgroup]
2025-10-05T18:57:17.9849931Z ##[group]Determining the checkout info
2025-10-05T18:57:17.9852383Z ##[endgroup]
2025-10-05T18:57:17.9855290Z [command]/usr/bin/git sparse-checkout disable
2025-10-05T18:57:17.9896737Z [command]/usr/bin/git config --local --unset-all extensions.worktreeConfig
2025-10-05T18:57:17.9925837Z ##[group]Checking out the ref
2025-10-05T18:57:17.9928529Z [command]/usr/bin/git checkout --progress --force refs/remotes/pull/274/merge
2025-10-05T18:57:18.0572714Z Note: switching to 'refs/remotes/pull/274/merge'.
2025-10-05T18:57:18.0574171Z 
2025-10-05T18:57:18.0575266Z You are in 'detached HEAD' state. You can look around, make experimental
2025-10-05T18:57:18.0578053Z changes and commit them, and you can discard any commits you make in this
2025-10-05T18:57:18.0580517Z state without impacting any branches by switching back to a branch.
2025-10-05T18:57:18.0581574Z 
2025-10-05T18:57:18.0582226Z If you want to create a new branch to retain commits you create, you may
2025-10-05T18:57:18.0584315Z do so (now or later) by using -c with the switch command. Example:
2025-10-05T18:57:18.0585227Z 
2025-10-05T18:57:18.0585609Z   git switch -c <new-branch-name>
2025-10-05T18:57:18.0586232Z 
2025-10-05T18:57:18.0586779Z Or undo this operation with:
2025-10-05T18:57:18.0587377Z 
2025-10-05T18:57:18.0587704Z   git switch -
2025-10-05T18:57:18.0588165Z 
2025-10-05T18:57:18.0588893Z Turn off this advice by setting config variable advice.detachedHead to false
2025-10-05T18:57:18.0590491Z 
2025-10-05T18:57:18.0591716Z HEAD is now at d40478a Merge 030f55ebf03c6fd39565af6f1efc721c0e216eda into d479133a4b3299af9e83c1cc0ea62532bb87bb07
2025-10-05T18:57:18.0595174Z ##[endgroup]
2025-10-05T18:57:18.0620884Z [command]/usr/bin/git log -1 --format=%H
2025-10-05T18:57:18.0642141Z d40478a7c526658fc296a3d4bdde98bf4d604e1e
2025-10-05T18:57:18.0895132Z ##[group]Run # Un-shallow refs.
2025-10-05T18:57:18.0896175Z [36;1m# Un-shallow refs.[0m
2025-10-05T18:57:18.0897494Z [36;1mgit config remote.origin.fetch "+refs/heads/*:refs/remotes/origin/*"[0m
2025-10-05T18:57:18.0899047Z [36;1m# Deepen topic branch; checkout topic branch.[0m
2025-10-05T18:57:18.0901094Z [36;1mgit fetch origin refs/pull/274/merge:cursor/add-new-kernel-tests-and-update-cmakelists-7196 \[0m
2025-10-05T18:57:18.0902834Z [36;1m  --depth=$(( 2 + 1 ))[0m
2025-10-05T18:57:18.0967260Z [36;1mgit checkout cursor/add-new-kernel-tests-and-update-cmakelists-7196[0m
2025-10-05T18:57:18.0969001Z [36;1m# Fetch main for common origin.[0m
2025-10-05T18:57:18.0970255Z [36;1mgit fetch origin main:main --depth=100[0m
2025-10-05T18:57:18.1008376Z shell: /usr/bin/bash -e {0}
2025-10-05T18:57:18.1009284Z ##[endgroup]
2025-10-05T18:57:18.6206603Z From https://github.com/nntile/nntile
2025-10-05T18:57:18.6208477Z  * [new ref]         refs/pull/274/merge -> cursor/add-new-kernel-tests-and-update-cmakelists-7196
2025-10-05T18:57:18.6531311Z Switched to branch 'cursor/add-new-kernel-tests-and-update-cmakelists-7196'
2025-10-05T18:57:19.5140695Z From https://github.com/nntile/nntile
2025-10-05T18:57:19.5141276Z  * [new branch]      main       -> main
2025-10-05T18:57:19.5141742Z  * [new branch]      main       -> origin/main
2025-10-05T18:57:19.5296209Z ##[group]Run actions/setup-python@v5
2025-10-05T18:57:19.5296505Z with:
2025-10-05T18:57:19.5296697Z   cache: pip
2025-10-05T18:57:19.5296891Z   python-version: 3.11
2025-10-05T18:57:19.5297101Z   check-latest: false
2025-10-05T18:57:19.5297445Z   token: ***
2025-10-05T18:57:19.5297657Z   update-environment: true
2025-10-05T18:57:19.5297894Z   allow-prereleases: false
2025-10-05T18:57:19.5298107Z   freethreaded: false
2025-10-05T18:57:19.5298310Z ##[endgroup]
2025-10-05T18:57:19.6911439Z ##[group]Installed versions
2025-10-05T18:57:19.7954611Z Successfully set up CPython (3.11.13)
2025-10-05T18:57:19.7955468Z ##[endgroup]
2025-10-05T18:57:20.0128492Z [command]/opt/hostedtoolcache/Python/3.11.13/x64/bin/pip cache dir
2025-10-05T18:57:22.7974979Z /home/runner/.cache/pip
2025-10-05T18:57:23.0956589Z Cache hit for: setup-python-Linux-x64-24.04-Ubuntu-python-3.11.13-pip-0243a901d2ca9c3ccee5c9dec6e4f572dfd2c280042ea83ed51605cc77d4880c
2025-10-05T18:57:24.4338229Z Received 4194304 of 20592460 (20.4%), 4.0 MBs/sec
2025-10-05T18:57:24.7601552Z Received 20592460 of 20592460 (100.0%), 14.8 MBs/sec
2025-10-05T18:57:24.7602265Z Cache Size: ~20 MB (20592460 B)
2025-10-05T18:57:24.7631619Z [command]/usr/bin/tar -xf /home/runner/work/_temp/0c72a4ff-d867-4ff8-9549-a38513c92e73/cache.tzst -P -C /home/runner/work/nntile/nntile --use-compress-program unzstd
2025-10-05T18:57:24.8064823Z Cache restored successfully
2025-10-05T18:57:24.8110695Z Cache restored from key: setup-python-Linux-x64-24.04-Ubuntu-python-3.11.13-pip-0243a901d2ca9c3ccee5c9dec6e4f572dfd2c280042ea83ed51605cc77d4880c
2025-10-05T18:57:24.8275218Z ##[group]Run pre-commit/action@v3.0.0
2025-10-05T18:57:24.8275512Z with:
2025-10-05T18:57:24.8275949Z   extra_args: --from-ref "$(git merge-base main HEAD)" --to-ref "cursor/add-new-kernel-tests-and-update-cmakelists-7196"

2025-10-05T18:57:24.8276424Z env:
2025-10-05T18:57:24.8276679Z   pythonLocation: /opt/hostedtoolcache/Python/3.11.13/x64
2025-10-05T18:57:24.8277162Z   PKG_CONFIG_PATH: /opt/hostedtoolcache/Python/3.11.13/x64/lib/pkgconfig
2025-10-05T18:57:24.8277566Z   Python_ROOT_DIR: /opt/hostedtoolcache/Python/3.11.13/x64
2025-10-05T18:57:24.8277919Z   Python2_ROOT_DIR: /opt/hostedtoolcache/Python/3.11.13/x64
2025-10-05T18:57:24.8278275Z   Python3_ROOT_DIR: /opt/hostedtoolcache/Python/3.11.13/x64
2025-10-05T18:57:24.8278830Z   LD_LIBRARY_PATH: /opt/hostedtoolcache/Python/3.11.13/x64/lib
2025-10-05T18:57:24.8279143Z ##[endgroup]
2025-10-05T18:57:24.8346190Z ##[group]Run python -m pip install pre-commit
2025-10-05T18:57:24.8346537Z [36;1mpython -m pip install pre-commit[0m
2025-10-05T18:57:24.8383894Z shell: /usr/bin/bash --noprofile --norc -e -o pipefail {0}
2025-10-05T18:57:24.8384230Z env:
2025-10-05T18:57:24.8384494Z   pythonLocation: /opt/hostedtoolcache/Python/3.11.13/x64
2025-10-05T18:57:24.8384927Z   PKG_CONFIG_PATH: /opt/hostedtoolcache/Python/3.11.13/x64/lib/pkgconfig
2025-10-05T18:57:24.8385328Z   Python_ROOT_DIR: /opt/hostedtoolcache/Python/3.11.13/x64
2025-10-05T18:57:24.8385685Z   Python2_ROOT_DIR: /opt/hostedtoolcache/Python/3.11.13/x64
2025-10-05T18:57:24.8386044Z   Python3_ROOT_DIR: /opt/hostedtoolcache/Python/3.11.13/x64
2025-10-05T18:57:24.8386400Z   LD_LIBRARY_PATH: /opt/hostedtoolcache/Python/3.11.13/x64/lib
2025-10-05T18:57:24.8386700Z ##[endgroup]
2025-10-05T18:57:27.4266489Z Collecting pre-commit
2025-10-05T18:57:27.4589501Z   Downloading pre_commit-4.3.0-py2.py3-none-any.whl.metadata (1.2 kB)
2025-10-05T18:57:27.4709411Z Collecting cfgv>=2.0.0 (from pre-commit)
2025-10-05T18:57:27.4723300Z   Using cached cfgv-3.4.0-py2.py3-none-any.whl.metadata (8.5 kB)
2025-10-05T18:57:27.5141572Z Collecting identify>=1.0.0 (from pre-commit)
2025-10-05T18:57:27.5172250Z   Downloading identify-2.6.15-py2.py3-none-any.whl.metadata (4.4 kB)
2025-10-05T18:57:27.5343552Z Collecting nodeenv>=0.11.1 (from pre-commit)
2025-10-05T18:57:27.5357606Z   Using cached nodeenv-1.9.1-py2.py3-none-any.whl.metadata (21 kB)
2025-10-05T18:57:27.5806088Z Collecting pyyaml>=5.1 (from pre-commit)
2025-10-05T18:57:27.5837933Z   Downloading pyyaml-6.0.3-cp311-cp311-manylinux2014_x86_64.manylinux_2_17_x86_64.manylinux_2_28_x86_64.whl.metadata (2.4 kB)
2025-10-05T18:57:27.6258564Z Collecting virtualenv>=20.10.0 (from pre-commit)
2025-10-05T18:57:27.6285000Z   Downloading virtualenv-20.34.0-py3-none-any.whl.metadata (4.6 kB)
2025-10-05T18:57:27.6463974Z Collecting distlib<1,>=0.3.7 (from virtualenv>=20.10.0->pre-commit)
2025-10-05T18:57:27.6492429Z   Downloading distlib-0.4.0-py2.py3-none-any.whl.metadata (5.2 kB)
2025-10-05T18:57:27.6688405Z Collecting filelock<4,>=3.12.2 (from virtualenv>=20.10.0->pre-commit)
2025-10-05T18:57:27.6721769Z   Downloading filelock-3.19.1-py3-none-any.whl.metadata (2.1 kB)
2025-10-05T18:57:27.6883136Z Collecting platformdirs<5,>=3.9.1 (from virtualenv>=20.10.0->pre-commit)
2025-10-05T18:57:27.6913340Z   Downloading platformdirs-4.4.0-py3-none-any.whl.metadata (12 kB)
2025-10-05T18:57:27.7004277Z Downloading pre_commit-4.3.0-py2.py3-none-any.whl (220 kB)
2025-10-05T18:57:27.7100975Z Using cached cfgv-3.4.0-py2.py3-none-any.whl (7.2 kB)
2025-10-05T18:57:27.7127776Z Downloading identify-2.6.15-py2.py3-none-any.whl (99 kB)
2025-10-05T18:57:27.7163437Z Using cached nodeenv-1.9.1-py2.py3-none-any.whl (22 kB)
2025-10-05T18:57:27.7192819Z Downloading pyyaml-6.0.3-cp311-cp311-manylinux2014_x86_64.manylinux_2_17_x86_64.manylinux_2_28_x86_64.whl (806 kB)
2025-10-05T18:57:27.7277946Z    ━━━━━━━━━━━━━━━━━━━━━━━━━━━━━━━━━━━━━━━━ 806.6/806.6 kB 94.1 MB/s  0:00:00
2025-10-05T18:57:27.7308725Z Downloading virtualenv-20.34.0-py3-none-any.whl (6.0 MB)
2025-10-05T18:57:27.7622490Z    ━━━━━━━━━━━━━━━━━━━━━━━━━━━━━━━━━━━━━━━━ 6.0/6.0 MB 198.0 MB/s  0:00:00
2025-10-05T18:57:27.7649004Z Downloading distlib-0.4.0-py2.py3-none-any.whl (469 kB)
2025-10-05T18:57:27.7717514Z Downloading filelock-3.19.1-py3-none-any.whl (15 kB)
2025-10-05T18:57:27.7761742Z Downloading platformdirs-4.4.0-py3-none-any.whl (18 kB)
2025-10-05T18:57:27.8569622Z Installing collected packages: distlib, pyyaml, platformdirs, nodeenv, identify, filelock, cfgv, virtualenv, pre-commit
2025-10-05T18:57:28.2618993Z 
2025-10-05T18:57:28.2631082Z Successfully installed cfgv-3.4.0 distlib-0.4.0 filelock-3.19.1 identify-2.6.15 nodeenv-1.9.1 platformdirs-4.4.0 pre-commit-4.3.0 pyyaml-6.0.3 virtualenv-20.34.0
2025-10-05T18:57:28.3885236Z ##[group]Run python -m pip freeze --local
2025-10-05T18:57:28.3885733Z [36;1mpython -m pip freeze --local[0m
2025-10-05T18:57:28.3918122Z shell: /usr/bin/bash --noprofile --norc -e -o pipefail {0}
2025-10-05T18:57:28.3918433Z env:
2025-10-05T18:57:28.3918694Z   pythonLocation: /opt/hostedtoolcache/Python/3.11.13/x64
2025-10-05T18:57:28.3919106Z   PKG_CONFIG_PATH: /opt/hostedtoolcache/Python/3.11.13/x64/lib/pkgconfig
2025-10-05T18:57:28.3919507Z   Python_ROOT_DIR: /opt/hostedtoolcache/Python/3.11.13/x64
2025-10-05T18:57:28.3920120Z   Python2_ROOT_DIR: /opt/hostedtoolcache/Python/3.11.13/x64
2025-10-05T18:57:28.3920487Z   Python3_ROOT_DIR: /opt/hostedtoolcache/Python/3.11.13/x64
2025-10-05T18:57:28.3920841Z   LD_LIBRARY_PATH: /opt/hostedtoolcache/Python/3.11.13/x64/lib
2025-10-05T18:57:28.3921131Z ##[endgroup]
2025-10-05T18:57:28.6114286Z cfgv==3.4.0
2025-10-05T18:57:28.6114616Z distlib==0.4.0
2025-10-05T18:57:28.6115017Z filelock==3.19.1
2025-10-05T18:57:28.6115319Z identify==2.6.15
2025-10-05T18:57:28.6115604Z nodeenv==1.9.1
2025-10-05T18:57:28.6115912Z platformdirs==4.4.0
2025-10-05T18:57:28.6116217Z pre_commit==4.3.0
2025-10-05T18:57:28.6116509Z PyYAML==6.0.3
2025-10-05T18:57:28.6116785Z virtualenv==20.34.0
2025-10-05T18:57:28.6911055Z ##[group]Run actions/cache@v3
2025-10-05T18:57:28.6911358Z with:
2025-10-05T18:57:28.6911600Z   path: ~/.cache/pre-commit
2025-10-05T18:57:28.6912247Z   key: pre-commit-3|/opt/hostedtoolcache/Python/3.11.13/x64|93527610f2dc9759f16f4617098ea4ae5031d5b6a2c3eac3af2b856eec7c085d
2025-10-05T18:57:28.6912935Z   enableCrossOsArchive: false
2025-10-05T18:57:28.6913240Z   fail-on-cache-miss: false
2025-10-05T18:57:28.6913524Z   lookup-only: false
2025-10-05T18:57:28.6913761Z env:
2025-10-05T18:57:28.6914065Z   pythonLocation: /opt/hostedtoolcache/Python/3.11.13/x64
2025-10-05T18:57:28.6914592Z   PKG_CONFIG_PATH: /opt/hostedtoolcache/Python/3.11.13/x64/lib/pkgconfig
2025-10-05T18:57:28.6915101Z   Python_ROOT_DIR: /opt/hostedtoolcache/Python/3.11.13/x64
2025-10-05T18:57:28.6915561Z   Python2_ROOT_DIR: /opt/hostedtoolcache/Python/3.11.13/x64
2025-10-05T18:57:28.6916044Z   Python3_ROOT_DIR: /opt/hostedtoolcache/Python/3.11.13/x64
2025-10-05T18:57:28.6916515Z   LD_LIBRARY_PATH: /opt/hostedtoolcache/Python/3.11.13/x64/lib
2025-10-05T18:57:28.6916896Z ##[endgroup]
2025-10-05T18:57:29.1279046Z Cache hit for: pre-commit-3|/opt/hostedtoolcache/Python/3.11.13/x64|93527610f2dc9759f16f4617098ea4ae5031d5b6a2c3eac3af2b856eec7c085d
2025-10-05T18:57:30.4184330Z Received 4194304 of 22981373 (18.3%), 4.0 MBs/sec
2025-10-05T18:57:30.7081979Z Received 22981373 of 22981373 (100.0%), 17.0 MBs/sec
2025-10-05T18:57:30.7082752Z Cache Size: ~22 MB (22981373 B)
2025-10-05T18:57:30.7114782Z [command]/usr/bin/tar -xf /home/runner/work/_temp/83323915-96ad-4069-a3f4-9e2ba9bde5c2/cache.tzst -P -C /home/runner/work/nntile/nntile --use-compress-program unzstd
2025-10-05T18:57:30.9964606Z Cache restored successfully
2025-10-05T18:57:31.0088371Z Cache restored from key: pre-commit-3|/opt/hostedtoolcache/Python/3.11.13/x64|93527610f2dc9759f16f4617098ea4ae5031d5b6a2c3eac3af2b856eec7c085d
2025-10-05T18:57:31.0188342Z ##[group]Run pre-commit run --show-diff-on-failure --color=always --from-ref "$(git merge-base main HEAD)" --to-ref "cursor/add-new-kernel-tests-and-update-cmakelists-7196"
2025-10-05T18:57:31.0189580Z [36;1mpre-commit run --show-diff-on-failure --color=always --from-ref "$(git merge-base main HEAD)" --to-ref "cursor/add-new-kernel-tests-and-update-cmakelists-7196"[0m
2025-10-05T18:57:31.0222959Z shell: /usr/bin/bash --noprofile --norc -e -o pipefail {0}
2025-10-05T18:57:31.0223290Z env:
2025-10-05T18:57:31.0223543Z   pythonLocation: /opt/hostedtoolcache/Python/3.11.13/x64
2025-10-05T18:57:31.0223954Z   PKG_CONFIG_PATH: /opt/hostedtoolcache/Python/3.11.13/x64/lib/pkgconfig
2025-10-05T18:57:31.0224360Z   Python_ROOT_DIR: /opt/hostedtoolcache/Python/3.11.13/x64
2025-10-05T18:57:31.0224738Z   Python2_ROOT_DIR: /opt/hostedtoolcache/Python/3.11.13/x64
2025-10-05T18:57:31.0225116Z   Python3_ROOT_DIR: /opt/hostedtoolcache/Python/3.11.13/x64
2025-10-05T18:57:31.0225658Z   LD_LIBRARY_PATH: /opt/hostedtoolcache/Python/3.11.13/x64/lib
2025-10-05T18:57:31.0225962Z ##[endgroup]
2025-10-05T18:57:31.4581527Z check python ast.....................................(no files to check)[46;30mSkipped[m
2025-10-05T18:57:31.5096609Z check for merge conflicts................................................[42mPassed[m
2025-10-05T18:57:31.5097646Z check toml...........................................(no files to check)[46;30mSkipped[m
2025-10-05T18:57:31.5098536Z check yaml...........................................(no files to check)[46;30mSkipped[m
2025-10-05T18:57:31.5430328Z fix end of files.........................................................[41mFailed[m
2025-10-05T18:57:31.5431184Z [2m- hook id: end-of-file-fixer[m
2025-10-05T18:57:31.5431701Z [2m- exit code: 1[m
2025-10-05T18:57:31.5432190Z [2m- files were modified by this hook[m
2025-10-05T18:57:31.5432516Z 
2025-10-05T18:57:31.5432688Z Fixing tests/kernel/fill.cc
2025-10-05T18:57:31.5433142Z Fixing tests/kernel/gelu.cc
2025-10-05T18:57:31.5433598Z Fixing tests/kernel/gelutanh_inplace.cc
2025-10-05T18:57:31.5460367Z Fixing tests/kernel/hypot_scalar_inverse.cc
2025-10-05T18:57:31.5460785Z 
2025-10-05T18:57:31.5773653Z trim trailing whitespace.................................................[42mPassed[m
2025-10-05T18:57:31.5774729Z debug statements (python)............................(no files to check)[46;30mSkipped[m
2025-10-05T18:57:31.5775389Z ruff.................................................(no files to check)[46;30mSkipped[m
2025-10-05T18:57:31.5775884Z isort................................................(no files to check)[46;30mSkipped[m
2025-10-05T18:57:31.5776283Z All changes made by hooks:
2025-10-05T18:57:31.5809419Z [1mdiff --git a/tests/kernel/fill.cc b/tests/kernel/fill.cc[m
2025-10-05T18:57:31.5810307Z [1mindex 6256322..8b86392 100644[m
2025-10-05T18:57:31.5810816Z [1m--- a/tests/kernel/fill.cc[m
2025-10-05T18:57:31.5811301Z [1m+++ b/tests/kernel/fill.cc[m
2025-10-05T18:57:31.5811896Z [36m@@ -299,4 +299,4 @@[m [mTEMPLATE_TEST_CASE([m
2025-10-05T18:57:31.5812425Z          run_cuda_test<T, true>(data);[m
2025-10-05T18:57:31.5812725Z      }[m
2025-10-05T18:57:31.5812941Z  #endif[m
2025-10-05T18:57:31.5813158Z [31m-}[m
2025-10-05T18:57:31.5813408Z \ No newline at end of file[m
2025-10-05T18:57:31.5813688Z [32m+[m[32m}[m
2025-10-05T18:57:31.5814041Z [1mdiff --git a/tests/kernel/gelu.cc b/tests/kernel/gelu.cc[m
2025-10-05T18:57:31.5814483Z [1mindex 5a099b0..d4cf641 100644[m
2025-10-05T18:57:31.5814816Z [1m--- a/tests/kernel/gelu.cc[m
2025-10-05T18:57:31.5815126Z [1m+++ b/tests/kernel/gelu.cc[m
2025-10-05T18:57:31.5815481Z [36m@@ -300,4 +300,4 @@[m [mTEMPLATE_TEST_CASE([m
2025-10-05T18:57:31.5815849Z          run_cuda_test<T, true>(data);[m
2025-10-05T18:57:31.5816140Z      }[m
2025-10-05T18:57:31.5816349Z  #endif[m
2025-10-05T18:57:31.5816566Z [31m-}[m
2025-10-05T18:57:31.5816809Z \ No newline at end of file[m
2025-10-05T18:57:31.5817091Z [32m+[m[32m}[m
2025-10-05T18:57:31.5817569Z [1mdiff --git a/tests/kernel/gelutanh_inplace.cc b/tests/kernel/gelutanh_inplace.cc[m
2025-10-05T18:57:31.5818077Z [1mindex 6168e96..f4c0981 100644[m
2025-10-05T18:57:31.5818434Z [1m--- a/tests/kernel/gelutanh_inplace.cc[m
2025-10-05T18:57:31.5819053Z [1m+++ b/tests/kernel/gelutanh_inplace.cc[m
2025-10-05T18:57:31.5819461Z [36m@@ -304,4 +304,4 @@[m [mTEMPLATE_TEST_CASE([m
2025-10-05T18:57:31.5820094Z          run_cuda_test<T, true>(data);[m
2025-10-05T18:57:31.5820432Z      }[m
2025-10-05T18:57:31.5820650Z  #endif[m
2025-10-05T18:57:31.5820855Z [31m-}[m
2025-10-05T18:57:31.5821093Z \ No newline at end of file[m
2025-10-05T18:57:31.5821366Z [32m+[m[32m}[m
2025-10-05T18:57:31.5821873Z [1mdiff --git a/tests/kernel/hypot_scalar_inverse.cc b/tests/kernel/hypot_scalar_inverse.cc[m
2025-10-05T18:57:31.5822411Z [1mindex 98efb72..b609be6 100644[m
2025-10-05T18:57:31.5822766Z [1m--- a/tests/kernel/hypot_scalar_inverse.cc[m
2025-10-05T18:57:31.5823314Z [1m+++ b/tests/kernel/hypot_scalar_inverse.cc[m
2025-10-05T18:57:31.5823712Z [36m@@ -316,4 +316,4 @@[m [mTEMPLATE_TEST_CASE([m
2025-10-05T18:57:31.5824079Z          run_cuda_test<T, true>(data);[m
2025-10-05T18:57:31.5824380Z      }[m
2025-10-05T18:57:31.5824594Z  #endif[m
2025-10-05T18:57:31.5824807Z [31m-}[m
2025-10-05T18:57:31.5825039Z \ No newline at end of file[m
2025-10-05T18:57:31.5825312Z [32m+[m[32m}[m
2025-10-05T18:57:31.5983026Z ##[error]Process completed with exit code 1.
2025-10-05T18:57:31.6060626Z Post job cleanup.
2025-10-05T18:57:31.6110703Z Post job cleanup.
2025-10-05T18:57:31.7028566Z [command]/usr/bin/git version
2025-10-05T18:57:31.7063756Z git version 2.51.0
2025-10-05T18:57:31.7110978Z Temporarily overriding HOME='/home/runner/work/_temp/55c730e7-022c-4e3d-b01b-c4c9c82f29ee' before making global git config changes
2025-10-05T18:57:31.7112185Z Adding repository directory to the temporary git global config as a safe directory
2025-10-05T18:57:31.7115795Z [command]/usr/bin/git config --global --add safe.directory /home/runner/work/nntile/nntile
2025-10-05T18:57:31.7148857Z [command]/usr/bin/git config --local --name-only --get-regexp core\.sshCommand
2025-10-05T18:57:31.7180303Z [command]/usr/bin/git submodule foreach --recursive sh -c "git config --local --name-only --get-regexp 'core\.sshCommand' && git config --local --unset-all 'core.sshCommand' || :"
2025-10-05T18:57:31.7400996Z [command]/usr/bin/git config --local --name-only --get-regexp http\.https\:\/\/github\.com\/\.extraheader
2025-10-05T18:57:31.7420378Z http.https://github.com/.extraheader
2025-10-05T18:57:31.7432657Z [command]/usr/bin/git config --local --unset-all http.https://github.com/.extraheader
2025-10-05T18:57:31.7462457Z [command]/usr/bin/git submodule foreach --recursive sh -c "git config --local --name-only --get-regexp 'http\.https\:\/\/github\.com\/\.extraheader' && git config --local --unset-all 'http.https://github.com/.extraheader' || :"
2025-10-05T18:57:31.7790796Z Cleaning up orphan processes
