2025-10-06T16:50:11.6088045Z Current runner version: '2.328.0'
2025-10-06T16:50:11.6121159Z ##[group]Runner Image Provisioner
2025-10-06T16:50:11.6122280Z Hosted Compute Agent
2025-10-06T16:50:11.6123273Z Version: 20250912.392
2025-10-06T16:50:11.6124299Z Commit: d921fda672a98b64f4f82364647e2f10b2267d0b
2025-10-06T16:50:11.6125419Z Build Date: 2025-09-12T15:23:14Z
2025-10-06T16:50:11.6126445Z ##[endgroup]
2025-10-06T16:50:11.6127255Z ##[group]Operating System
2025-10-06T16:50:11.6128451Z Ubuntu
2025-10-06T16:50:11.6129247Z 24.04.3
2025-10-06T16:50:11.6130043Z LTS
2025-10-06T16:50:11.6130793Z ##[endgroup]
2025-10-06T16:50:11.6131803Z ##[group]Runner Image
2025-10-06T16:50:11.6132820Z Image: ubuntu-24.04
2025-10-06T16:50:11.6133668Z Version: 20250929.60.1
2025-10-06T16:50:11.6135660Z Included Software: https://github.com/actions/runner-images/blob/ubuntu24/20250929.60/images/ubuntu/Ubuntu2404-Readme.md
2025-10-06T16:50:11.6138791Z Image Release: https://github.com/actions/runner-images/releases/tag/ubuntu24%2F20250929.60
2025-10-06T16:50:11.6140728Z ##[endgroup]
2025-10-06T16:50:11.6142335Z ##[group]GITHUB_TOKEN Permissions
2025-10-06T16:50:11.6144918Z Contents: read
2025-10-06T16:50:11.6145772Z Metadata: read
2025-10-06T16:50:11.6146688Z ##[endgroup]
2025-10-06T16:50:11.6150664Z Secret source: Actions
2025-10-06T16:50:11.6152555Z Prepare workflow directory
2025-10-06T16:50:11.6631091Z Prepare all required actions
2025-10-06T16:50:11.6688573Z Getting action download info
2025-10-06T16:50:11.9856823Z Download action repository 'actions/checkout@v4' (SHA:08eba0b27e820071cde6df949e0beb9ba4906955)
2025-10-06T16:50:12.1862946Z Download action repository 'actions/setup-python@v5' (SHA:a26af69be951a213d495a4c3e4e4022e16d87065)
2025-10-06T16:50:12.2685952Z Download action repository 'pre-commit/action@v3.0.0' (SHA:646c83fcd040023954eafda54b4db0192ce70507)
2025-10-06T16:50:12.4950767Z Getting action download info
2025-10-06T16:50:12.6015837Z Download action repository 'actions/cache@v3' (SHA:6f8efc29b200d32929f49075959781ed54ec270c)
2025-10-06T16:50:12.7897724Z Getting action download info
2025-10-06T16:50:13.0311320Z Complete job name: Linting with Python 3.10
2025-10-06T16:50:13.1038105Z ##[group]Run actions/checkout@v4
2025-10-06T16:50:13.1039445Z with:
2025-10-06T16:50:13.1040202Z   repository: nntile/nntile
2025-10-06T16:50:13.1041373Z   token: ***
2025-10-06T16:50:13.1042127Z   ssh-strict: true
2025-10-06T16:50:13.1042908Z   ssh-user: git
2025-10-06T16:50:13.1043708Z   persist-credentials: true
2025-10-06T16:50:13.1044587Z   clean: true
2025-10-06T16:50:13.1045401Z   sparse-checkout-cone-mode: true
2025-10-06T16:50:13.1046371Z   fetch-depth: 1
2025-10-06T16:50:13.1047149Z   fetch-tags: false
2025-10-06T16:50:13.1048291Z   show-progress: true
2025-10-06T16:50:13.1049107Z   lfs: false
2025-10-06T16:50:13.1049843Z   submodules: false
2025-10-06T16:50:13.1050638Z   set-safe-directory: true
2025-10-06T16:50:13.1051853Z ##[endgroup]
2025-10-06T16:50:13.2134563Z Syncing repository: nntile/nntile
2025-10-06T16:50:13.2136948Z ##[group]Getting Git version info
2025-10-06T16:50:13.2138486Z Working directory is '/home/runner/work/nntile/nntile'
2025-10-06T16:50:13.2140301Z [command]/usr/bin/git version
2025-10-06T16:50:13.2226277Z git version 2.51.0
2025-10-06T16:50:13.2252046Z ##[endgroup]
2025-10-06T16:50:13.2266123Z Temporarily overriding HOME='/home/runner/work/_temp/cef7568e-b5bc-4d40-92e1-9226a7981bfe' before making global git config changes
2025-10-06T16:50:13.2269259Z Adding repository directory to the temporary git global config as a safe directory
2025-10-06T16:50:13.2271838Z [command]/usr/bin/git config --global --add safe.directory /home/runner/work/nntile/nntile
2025-10-06T16:50:13.2345742Z Deleting the contents of '/home/runner/work/nntile/nntile'
2025-10-06T16:50:13.2349746Z ##[group]Initializing the repository
2025-10-06T16:50:13.2353374Z [command]/usr/bin/git init /home/runner/work/nntile/nntile
2025-10-06T16:50:13.2468184Z hint: Using 'master' as the name for the initial branch. This default branch name
2025-10-06T16:50:13.2470126Z hint: is subject to change. To configure the initial branch name to use in all
2025-10-06T16:50:13.2472815Z hint: of your new repositories, which will suppress this warning, call:
2025-10-06T16:50:13.2474123Z hint:
2025-10-06T16:50:13.2475003Z hint: 	git config --global init.defaultBranch <name>
2025-10-06T16:50:13.2476297Z hint:
2025-10-06T16:50:13.2477754Z hint: Names commonly chosen instead of 'master' are 'main', 'trunk' and
2025-10-06T16:50:13.2479543Z hint: 'development'. The just-created branch can be renamed via this command:
2025-10-06T16:50:13.2480922Z hint:
2025-10-06T16:50:13.2481648Z hint: 	git branch -m <name>
2025-10-06T16:50:13.2482799Z hint:
2025-10-06T16:50:13.2484034Z hint: Disable this message with "git config set advice.defaultBranchName false"
2025-10-06T16:50:13.2485897Z Initialized empty Git repository in /home/runner/work/nntile/nntile/.git/
2025-10-06T16:50:13.2489055Z [command]/usr/bin/git remote add origin https://github.com/nntile/nntile
2025-10-06T16:50:13.2523522Z ##[endgroup]
2025-10-06T16:50:13.2524881Z ##[group]Disabling automatic garbage collection
2025-10-06T16:50:13.2527063Z [command]/usr/bin/git config --local gc.auto 0
2025-10-06T16:50:13.2555727Z ##[endgroup]
2025-10-06T16:50:13.2557000Z ##[group]Setting up auth
2025-10-06T16:50:13.2562713Z [command]/usr/bin/git config --local --name-only --get-regexp core\.sshCommand
2025-10-06T16:50:13.2594315Z [command]/usr/bin/git submodule foreach --recursive sh -c "git config --local --name-only --get-regexp 'core\.sshCommand' && git config --local --unset-all 'core.sshCommand' || :"
2025-10-06T16:50:13.3013108Z [command]/usr/bin/git config --local --name-only --get-regexp http\.https\:\/\/github\.com\/\.extraheader
2025-10-06T16:50:13.3048899Z [command]/usr/bin/git submodule foreach --recursive sh -c "git config --local --name-only --get-regexp 'http\.https\:\/\/github\.com\/\.extraheader' && git config --local --unset-all 'http.https://github.com/.extraheader' || :"
2025-10-06T16:50:13.3274712Z [command]/usr/bin/git config --local http.https://github.com/.extraheader AUTHORIZATION: basic ***
2025-10-06T16:50:13.3309288Z ##[endgroup]
2025-10-06T16:50:13.3312074Z ##[group]Fetching the repository
2025-10-06T16:50:13.3321396Z [command]/usr/bin/git -c protocol.version=2 fetch --no-tags --prune --no-recurse-submodules --depth=1 origin +0dceb63dc7ad14e9c1fe79ca46156ef599e7fa0f:refs/remotes/pull/274/merge
2025-10-06T16:50:13.7558245Z From https://github.com/nntile/nntile
2025-10-06T16:50:13.7560688Z  * [new ref]         0dceb63dc7ad14e9c1fe79ca46156ef599e7fa0f -> pull/274/merge
2025-10-06T16:50:13.7590245Z ##[endgroup]
2025-10-06T16:50:13.7591586Z ##[group]Determining the checkout info
2025-10-06T16:50:13.7593189Z ##[endgroup]
2025-10-06T16:50:13.7598905Z [command]/usr/bin/git sparse-checkout disable
2025-10-06T16:50:13.7640721Z [command]/usr/bin/git config --local --unset-all extensions.worktreeConfig
2025-10-06T16:50:13.7669596Z ##[group]Checking out the ref
2025-10-06T16:50:13.7672689Z [command]/usr/bin/git checkout --progress --force refs/remotes/pull/274/merge
2025-10-06T16:50:13.8308073Z Note: switching to 'refs/remotes/pull/274/merge'.
2025-10-06T16:50:13.8309221Z 
2025-10-06T16:50:13.8310175Z You are in 'detached HEAD' state. You can look around, make experimental
2025-10-06T16:50:13.8312336Z changes and commit them, and you can discard any commits you make in this
2025-10-06T16:50:13.8314463Z state without impacting any branches by switching back to a branch.
2025-10-06T16:50:13.8315467Z 
2025-10-06T16:50:13.8316307Z If you want to create a new branch to retain commits you create, you may
2025-10-06T16:50:13.8318248Z do so (now or later) by using -c with the switch command. Example:
2025-10-06T16:50:13.8319161Z 
2025-10-06T16:50:13.8319547Z   git switch -c <new-branch-name>
2025-10-06T16:50:13.8320173Z 
2025-10-06T16:50:13.8320536Z Or undo this operation with:
2025-10-06T16:50:13.8321111Z 
2025-10-06T16:50:13.8321429Z   git switch -
2025-10-06T16:50:13.8321925Z 
2025-10-06T16:50:13.8322886Z Turn off this advice by setting config variable advice.detachedHead to false
2025-10-06T16:50:13.8324235Z 
2025-10-06T16:50:13.8325469Z HEAD is now at 0dceb63 Merge 225b6942d76a9896de7f627c43b335094f37cfb5 into 1b32e979d4e7ef2fa711f8c6b2be3c8c49afe0d9
2025-10-06T16:50:13.8329098Z ##[endgroup]
2025-10-06T16:50:13.8358322Z [command]/usr/bin/git log -1 --format=%H
2025-10-06T16:50:13.8381766Z 0dceb63dc7ad14e9c1fe79ca46156ef599e7fa0f
2025-10-06T16:50:13.8643730Z ##[group]Run # Un-shallow refs.
2025-10-06T16:50:13.8644790Z [36;1m# Un-shallow refs.[0m
2025-10-06T16:50:13.8646123Z [36;1mgit config remote.origin.fetch "+refs/heads/*:refs/remotes/origin/*"[0m
2025-10-06T16:50:13.8712870Z [36;1m# Deepen topic branch; checkout topic branch.[0m
2025-10-06T16:50:13.8716318Z [36;1mgit fetch origin refs/pull/274/merge:cursor/add-new-kernel-tests-and-update-cmakelists-7196 \[0m
2025-10-06T16:50:13.8719656Z [36;1m  --depth=$(( 3 + 1 ))[0m
2025-10-06T16:50:13.8722036Z [36;1mgit checkout cursor/add-new-kernel-tests-and-update-cmakelists-7196[0m
2025-10-06T16:50:13.8724642Z [36;1m# Fetch main for common origin.[0m
2025-10-06T16:50:13.8726557Z [36;1mgit fetch origin main:main --depth=100[0m
2025-10-06T16:50:13.8766465Z shell: /usr/bin/bash -e {0}
2025-10-06T16:50:13.8767750Z ##[endgroup]
2025-10-06T16:50:14.1931392Z From https://github.com/nntile/nntile
2025-10-06T16:50:14.1934165Z  * [new ref]         refs/pull/274/merge -> cursor/add-new-kernel-tests-and-update-cmakelists-7196
2025-10-06T16:50:14.2273441Z Switched to branch 'cursor/add-new-kernel-tests-and-update-cmakelists-7196'
2025-10-06T16:50:14.7878277Z From https://github.com/nntile/nntile
2025-10-06T16:50:14.7879542Z  * [new branch]      main       -> main
2025-10-06T16:50:14.7880582Z  * [new branch]      main       -> origin/main
2025-10-06T16:50:14.8047846Z ##[group]Run actions/setup-python@v5
2025-10-06T16:50:14.8048867Z with:
2025-10-06T16:50:14.8049541Z   cache: pip
2025-10-06T16:50:14.8050276Z   python-version: 3.10
2025-10-06T16:50:14.8051076Z   check-latest: false
2025-10-06T16:50:14.8052105Z   token: ***
2025-10-06T16:50:14.8052869Z   update-environment: true
2025-10-06T16:50:14.8053749Z   allow-prereleases: false
2025-10-06T16:50:14.8054596Z   freethreaded: false
2025-10-06T16:50:14.8055367Z ##[endgroup]
2025-10-06T16:50:14.9721336Z ##[group]Installed versions
2025-10-06T16:50:14.9836054Z Successfully set up CPython (3.10.18)
2025-10-06T16:50:14.9838993Z ##[endgroup]
2025-10-06T16:50:15.1822821Z [command]/opt/hostedtoolcache/Python/3.10.18/x64/bin/pip cache dir
2025-10-06T16:50:15.6435691Z /home/runner/.cache/pip
2025-10-06T16:50:15.7858729Z Cache hit for: setup-python-Linux-x64-24.04-Ubuntu-python-3.10.18-pip-0243a901d2ca9c3ccee5c9dec6e4f572dfd2c280042ea83ed51605cc77d4880c
2025-10-06T16:50:16.0332467Z Received 20804993 of 20804993 (100.0%), 93.2 MBs/sec
2025-10-06T16:50:16.0333216Z Cache Size: ~20 MB (20804993 B)
2025-10-06T16:50:16.0357301Z [command]/usr/bin/tar -xf /home/runner/work/_temp/bba7672f-250b-43aa-9b11-8f0f0adfd035/cache.tzst -P -C /home/runner/work/nntile/nntile --use-compress-program unzstd
2025-10-06T16:50:16.0800167Z Cache restored successfully
2025-10-06T16:50:16.0845173Z Cache restored from key: setup-python-Linux-x64-24.04-Ubuntu-python-3.10.18-pip-0243a901d2ca9c3ccee5c9dec6e4f572dfd2c280042ea83ed51605cc77d4880c
2025-10-06T16:50:16.1053984Z ##[group]Run pre-commit/action@v3.0.0
2025-10-06T16:50:16.1054342Z with:
2025-10-06T16:50:16.1054864Z   extra_args: --from-ref "$(git merge-base main HEAD)" --to-ref "cursor/add-new-kernel-tests-and-update-cmakelists-7196"

2025-10-06T16:50:16.1055427Z env:
2025-10-06T16:50:16.1055732Z   pythonLocation: /opt/hostedtoolcache/Python/3.10.18/x64
2025-10-06T16:50:16.1056223Z   PKG_CONFIG_PATH: /opt/hostedtoolcache/Python/3.10.18/x64/lib/pkgconfig
2025-10-06T16:50:16.1056695Z   Python_ROOT_DIR: /opt/hostedtoolcache/Python/3.10.18/x64
2025-10-06T16:50:16.1057134Z   Python2_ROOT_DIR: /opt/hostedtoolcache/Python/3.10.18/x64
2025-10-06T16:50:16.1057737Z   Python3_ROOT_DIR: /opt/hostedtoolcache/Python/3.10.18/x64
2025-10-06T16:50:16.1058168Z   LD_LIBRARY_PATH: /opt/hostedtoolcache/Python/3.10.18/x64/lib
2025-10-06T16:50:16.1058716Z ##[endgroup]
2025-10-06T16:50:16.1136548Z ##[group]Run python -m pip install pre-commit
2025-10-06T16:50:16.1136945Z [36;1mpython -m pip install pre-commit[0m
2025-10-06T16:50:16.1174804Z shell: /usr/bin/bash --noprofile --norc -e -o pipefail {0}
2025-10-06T16:50:16.1175213Z env:
2025-10-06T16:50:16.1175539Z   pythonLocation: /opt/hostedtoolcache/Python/3.10.18/x64
2025-10-06T16:50:16.1176030Z   PKG_CONFIG_PATH: /opt/hostedtoolcache/Python/3.10.18/x64/lib/pkgconfig
2025-10-06T16:50:16.1176498Z   Python_ROOT_DIR: /opt/hostedtoolcache/Python/3.10.18/x64
2025-10-06T16:50:16.1176980Z   Python2_ROOT_DIR: /opt/hostedtoolcache/Python/3.10.18/x64
2025-10-06T16:50:16.1177616Z   Python3_ROOT_DIR: /opt/hostedtoolcache/Python/3.10.18/x64
2025-10-06T16:50:16.1178062Z   LD_LIBRARY_PATH: /opt/hostedtoolcache/Python/3.10.18/x64/lib
2025-10-06T16:50:16.1178413Z ##[endgroup]
2025-10-06T16:50:17.0264435Z Collecting pre-commit
2025-10-06T16:50:17.0801672Z   Downloading pre_commit-4.3.0-py2.py3-none-any.whl.metadata (1.2 kB)
2025-10-06T16:50:17.1064013Z Collecting cfgv>=2.0.0 (from pre-commit)
2025-10-06T16:50:17.1086169Z   Using cached cfgv-3.4.0-py2.py3-none-any.whl.metadata (8.5 kB)
2025-10-06T16:50:17.1780232Z Collecting identify>=1.0.0 (from pre-commit)
2025-10-06T16:50:17.1857353Z   Downloading identify-2.6.15-py2.py3-none-any.whl.metadata (4.4 kB)
2025-10-06T16:50:17.2078841Z Collecting nodeenv>=0.11.1 (from pre-commit)
2025-10-06T16:50:17.2092278Z   Using cached nodeenv-1.9.1-py2.py3-none-any.whl.metadata (21 kB)
2025-10-06T16:50:17.2608431Z Collecting pyyaml>=5.1 (from pre-commit)
2025-10-06T16:50:17.2689999Z   Downloading pyyaml-6.0.3-cp310-cp310-manylinux2014_x86_64.manylinux_2_17_x86_64.manylinux_2_28_x86_64.whl.metadata (2.4 kB)
2025-10-06T16:50:17.3261863Z Collecting virtualenv>=20.10.0 (from pre-commit)
2025-10-06T16:50:17.3340112Z   Downloading virtualenv-20.34.0-py3-none-any.whl.metadata (4.6 kB)
2025-10-06T16:50:17.3601705Z Collecting distlib<1,>=0.3.7 (from virtualenv>=20.10.0->pre-commit)
2025-10-06T16:50:17.3675224Z   Downloading distlib-0.4.0-py2.py3-none-any.whl.metadata (5.2 kB)
2025-10-06T16:50:17.3937969Z Collecting filelock<4,>=3.12.2 (from virtualenv>=20.10.0->pre-commit)
2025-10-06T16:50:17.4013793Z   Downloading filelock-3.19.1-py3-none-any.whl.metadata (2.1 kB)
2025-10-06T16:50:17.4267211Z Collecting platformdirs<5,>=3.9.1 (from virtualenv>=20.10.0->pre-commit)
2025-10-06T16:50:17.4345229Z   Downloading platformdirs-4.4.0-py3-none-any.whl.metadata (12 kB)
2025-10-06T16:50:17.4612523Z Collecting typing-extensions>=4.13.2 (from virtualenv>=20.10.0->pre-commit)
2025-10-06T16:50:17.4686500Z   Downloading typing_extensions-4.15.0-py3-none-any.whl.metadata (3.3 kB)
2025-10-06T16:50:17.4819045Z Downloading pre_commit-4.3.0-py2.py3-none-any.whl (220 kB)
2025-10-06T16:50:17.5003027Z Using cached cfgv-3.4.0-py2.py3-none-any.whl (7.2 kB)
2025-10-06T16:50:17.5077344Z Downloading identify-2.6.15-py2.py3-none-any.whl (99 kB)
2025-10-06T16:50:17.5121636Z Using cached nodeenv-1.9.1-py2.py3-none-any.whl (22 kB)
2025-10-06T16:50:17.5203052Z Downloading pyyaml-6.0.3-cp310-cp310-manylinux2014_x86_64.manylinux_2_17_x86_64.manylinux_2_28_x86_64.whl (770 kB)
2025-10-06T16:50:17.5333555Z    ━━━━━━━━━━━━━━━━━━━━━━━━━━━━━━━━━━━━━━━━ 770.3/770.3 kB 78.5 MB/s  0:00:00
2025-10-06T16:50:17.5414103Z Downloading virtualenv-20.34.0-py3-none-any.whl (6.0 MB)
2025-10-06T16:50:17.5720921Z    ━━━━━━━━━━━━━━━━━━━━━━━━━━━━━━━━━━━━━━━━ 6.0/6.0 MB 204.7 MB/s  0:00:00
2025-10-06T16:50:17.5797923Z Downloading distlib-0.4.0-py2.py3-none-any.whl (469 kB)
2025-10-06T16:50:17.5919764Z Downloading filelock-3.19.1-py3-none-any.whl (15 kB)
2025-10-06T16:50:17.6019892Z Downloading platformdirs-4.4.0-py3-none-any.whl (18 kB)
2025-10-06T16:50:17.6117922Z Downloading typing_extensions-4.15.0-py3-none-any.whl (44 kB)
2025-10-06T16:50:17.6568973Z Installing collected packages: distlib, typing-extensions, pyyaml, platformdirs, nodeenv, identify, filelock, cfgv, virtualenv, pre-commit
2025-10-06T16:50:18.0483025Z 
2025-10-06T16:50:18.0521878Z Successfully installed cfgv-3.4.0 distlib-0.4.0 filelock-3.19.1 identify-2.6.15 nodeenv-1.9.1 platformdirs-4.4.0 pre-commit-4.3.0 pyyaml-6.0.3 typing-extensions-4.15.0 virtualenv-20.34.0
2025-10-06T16:50:18.1914946Z ##[group]Run python -m pip freeze --local
2025-10-06T16:50:18.1915277Z [36;1mpython -m pip freeze --local[0m
2025-10-06T16:50:18.1948672Z shell: /usr/bin/bash --noprofile --norc -e -o pipefail {0}
2025-10-06T16:50:18.1949001Z env:
2025-10-06T16:50:18.1949257Z   pythonLocation: /opt/hostedtoolcache/Python/3.10.18/x64
2025-10-06T16:50:18.1949689Z   PKG_CONFIG_PATH: /opt/hostedtoolcache/Python/3.10.18/x64/lib/pkgconfig
2025-10-06T16:50:18.1950121Z   Python_ROOT_DIR: /opt/hostedtoolcache/Python/3.10.18/x64
2025-10-06T16:50:18.1950502Z   Python2_ROOT_DIR: /opt/hostedtoolcache/Python/3.10.18/x64
2025-10-06T16:50:18.1950868Z   Python3_ROOT_DIR: /opt/hostedtoolcache/Python/3.10.18/x64
2025-10-06T16:50:18.1951238Z   LD_LIBRARY_PATH: /opt/hostedtoolcache/Python/3.10.18/x64/lib
2025-10-06T16:50:18.1951574Z ##[endgroup]
2025-10-06T16:50:18.4143592Z cfgv==3.4.0
2025-10-06T16:50:18.4143937Z distlib==0.4.0
2025-10-06T16:50:18.4144251Z filelock==3.19.1
2025-10-06T16:50:18.4147215Z identify==2.6.15
2025-10-06T16:50:18.4148283Z nodeenv==1.9.1
2025-10-06T16:50:18.4148627Z platformdirs==4.4.0
2025-10-06T16:50:18.4148971Z pre_commit==4.3.0
2025-10-06T16:50:18.4149305Z PyYAML==6.0.3
2025-10-06T16:50:18.4149670Z typing_extensions==4.15.0
2025-10-06T16:50:18.4150073Z virtualenv==20.34.0
2025-10-06T16:50:18.4951407Z ##[group]Run actions/cache@v3
2025-10-06T16:50:18.4951647Z with:
2025-10-06T16:50:18.4951836Z   path: ~/.cache/pre-commit
2025-10-06T16:50:18.4952348Z   key: pre-commit-3|/opt/hostedtoolcache/Python/3.10.18/x64|93527610f2dc9759f16f4617098ea4ae5031d5b6a2c3eac3af2b856eec7c085d
2025-10-06T16:50:18.4952886Z   enableCrossOsArchive: false
2025-10-06T16:50:18.4953127Z   fail-on-cache-miss: false
2025-10-06T16:50:18.4953348Z   lookup-only: false
2025-10-06T16:50:18.4953535Z env:
2025-10-06T16:50:18.4953798Z   pythonLocation: /opt/hostedtoolcache/Python/3.10.18/x64
2025-10-06T16:50:18.4954216Z   PKG_CONFIG_PATH: /opt/hostedtoolcache/Python/3.10.18/x64/lib/pkgconfig
2025-10-06T16:50:18.4954635Z   Python_ROOT_DIR: /opt/hostedtoolcache/Python/3.10.18/x64
2025-10-06T16:50:18.4954998Z   Python2_ROOT_DIR: /opt/hostedtoolcache/Python/3.10.18/x64
2025-10-06T16:50:18.4955363Z   Python3_ROOT_DIR: /opt/hostedtoolcache/Python/3.10.18/x64
2025-10-06T16:50:18.4955731Z   LD_LIBRARY_PATH: /opt/hostedtoolcache/Python/3.10.18/x64/lib
2025-10-06T16:50:18.4956028Z ##[endgroup]
2025-10-06T16:50:18.7171833Z Cache hit for: pre-commit-3|/opt/hostedtoolcache/Python/3.10.18/x64|93527610f2dc9759f16f4617098ea4ae5031d5b6a2c3eac3af2b856eec7c085d
2025-10-06T16:50:18.9334053Z Received 21479790 of 21479790 (100.0%), 111.9 MBs/sec
2025-10-06T16:50:18.9335046Z Cache Size: ~20 MB (21479790 B)
2025-10-06T16:50:18.9364229Z [command]/usr/bin/tar -xf /home/runner/work/_temp/624dbbd0-0b49-4842-82a7-1c56c1f5b866/cache.tzst -P -C /home/runner/work/nntile/nntile --use-compress-program unzstd
2025-10-06T16:50:19.2101862Z Cache restored successfully
2025-10-06T16:50:19.2224073Z Cache restored from key: pre-commit-3|/opt/hostedtoolcache/Python/3.10.18/x64|93527610f2dc9759f16f4617098ea4ae5031d5b6a2c3eac3af2b856eec7c085d
2025-10-06T16:50:19.2325656Z ##[group]Run pre-commit run --show-diff-on-failure --color=always --from-ref "$(git merge-base main HEAD)" --to-ref "cursor/add-new-kernel-tests-and-update-cmakelists-7196"
2025-10-06T16:50:19.2326753Z [36;1mpre-commit run --show-diff-on-failure --color=always --from-ref "$(git merge-base main HEAD)" --to-ref "cursor/add-new-kernel-tests-and-update-cmakelists-7196"[0m
2025-10-06T16:50:19.2360395Z shell: /usr/bin/bash --noprofile --norc -e -o pipefail {0}
2025-10-06T16:50:19.2360736Z env:
2025-10-06T16:50:19.2360999Z   pythonLocation: /opt/hostedtoolcache/Python/3.10.18/x64
2025-10-06T16:50:19.2361440Z   PKG_CONFIG_PATH: /opt/hostedtoolcache/Python/3.10.18/x64/lib/pkgconfig
2025-10-06T16:50:19.2362040Z   Python_ROOT_DIR: /opt/hostedtoolcache/Python/3.10.18/x64
2025-10-06T16:50:19.2362416Z   Python2_ROOT_DIR: /opt/hostedtoolcache/Python/3.10.18/x64
2025-10-06T16:50:19.2362805Z   Python3_ROOT_DIR: /opt/hostedtoolcache/Python/3.10.18/x64
2025-10-06T16:50:19.2363188Z   LD_LIBRARY_PATH: /opt/hostedtoolcache/Python/3.10.18/x64/lib
2025-10-06T16:50:19.2363502Z ##[endgroup]
2025-10-06T16:50:19.4820782Z check python ast.....................................(no files to check)[46;30mSkipped[m
2025-10-06T16:50:19.5237378Z check for merge conflicts................................................[42mPassed[m
2025-10-06T16:50:19.5238536Z check toml...........................................(no files to check)[46;30mSkipped[m
2025-10-06T16:50:19.5239405Z check yaml...........................................(no files to check)[46;30mSkipped[m
2025-10-06T16:50:19.5577213Z fix end of files.........................................................[41mFailed[m
2025-10-06T16:50:19.5578163Z [2m- hook id: end-of-file-fixer[m
2025-10-06T16:50:19.5578734Z [2m- exit code: 1[m
2025-10-06T16:50:19.5579195Z [2m- files were modified by this hook[m
2025-10-06T16:50:19.5579519Z 
2025-10-06T16:50:19.5579639Z Fixing tests/kernel/fill.cc
2025-10-06T16:50:19.5579895Z Fixing tests/kernel/gelu.cc
2025-10-06T16:50:19.5580157Z Fixing tests/kernel/gelutanh_inplace.cc
2025-10-06T16:50:19.5580453Z Fixing tests/kernel/hypot_scalar_inverse.cc
2025-10-06T16:50:19.5580647Z 
2025-10-06T16:50:19.5930724Z trim trailing whitespace.................................................[42mPassed[m
2025-10-06T16:50:19.5931822Z debug statements (python)............................(no files to check)[46;30mSkipped[m
2025-10-06T16:50:19.5932581Z ruff.................................................(no files to check)[46;30mSkipped[m
2025-10-06T16:50:19.5933077Z isort................................................(no files to check)[46;30mSkipped[m
2025-10-06T16:50:19.5933432Z All changes made by hooks:
2025-10-06T16:50:19.5966637Z [1mdiff --git a/tests/kernel/fill.cc b/tests/kernel/fill.cc[m
2025-10-06T16:50:19.5967309Z [1mindex 6256322..8b86392 100644[m
2025-10-06T16:50:19.5967931Z [1m--- a/tests/kernel/fill.cc[m
2025-10-06T16:50:19.5968242Z [1m+++ b/tests/kernel/fill.cc[m
2025-10-06T16:50:19.5968621Z [36m@@ -299,4 +299,4 @@[m [mTEMPLATE_TEST_CASE([m
2025-10-06T16:50:19.5969053Z          run_cuda_test<T, true>(data);[m
2025-10-06T16:50:19.5969525Z      }[m
2025-10-06T16:50:19.5969826Z  #endif[m
2025-10-06T16:50:19.5970135Z [31m-}[m
2025-10-06T16:50:19.5970516Z \ No newline at end of file[m
2025-10-06T16:50:19.5970955Z [32m+[m[32m}[m
2025-10-06T16:50:19.5971472Z [1mdiff --git a/tests/kernel/gelu.cc b/tests/kernel/gelu.cc[m
2025-10-06T16:50:19.5972047Z [1mindex 5a099b0..d4cf641 100644[m
2025-10-06T16:50:19.5972488Z [1m--- a/tests/kernel/gelu.cc[m
2025-10-06T16:50:19.5972935Z [1m+++ b/tests/kernel/gelu.cc[m
2025-10-06T16:50:19.5973417Z [36m@@ -300,4 +300,4 @@[m [mTEMPLATE_TEST_CASE([m
2025-10-06T16:50:19.5973919Z          run_cuda_test<T, true>(data);[m
2025-10-06T16:50:19.5974343Z      }[m
2025-10-06T16:50:19.5974636Z  #endif[m
2025-10-06T16:50:19.5974912Z [31m-}[m
2025-10-06T16:50:19.5975526Z \ No newline at end of file[m
2025-10-06T16:50:19.5975972Z [32m+[m[32m}[m
2025-10-06T16:50:19.5976640Z [1mdiff --git a/tests/kernel/gelutanh_inplace.cc b/tests/kernel/gelutanh_inplace.cc[m
2025-10-06T16:50:19.5977352Z [1mindex 6168e96..f4c0981 100644[m
2025-10-06T16:50:19.5978041Z [1m--- a/tests/kernel/gelutanh_inplace.cc[m
2025-10-06T16:50:19.5978544Z [1m+++ b/tests/kernel/gelutanh_inplace.cc[m
2025-10-06T16:50:19.5979068Z [36m@@ -304,4 +304,4 @@[m [mTEMPLATE_TEST_CASE([m
2025-10-06T16:50:19.5979584Z          run_cuda_test<T, true>(data);[m
2025-10-06T16:50:19.5979986Z      }[m
2025-10-06T16:50:19.5980263Z  #endif[m
2025-10-06T16:50:19.5980539Z [31m-}[m
2025-10-06T16:50:19.5980853Z \ No newline at end of file[m
2025-10-06T16:50:19.5981234Z [32m+[m[32m}[m
2025-10-06T16:50:19.5981938Z [1mdiff --git a/tests/kernel/hypot_scalar_inverse.cc b/tests/kernel/hypot_scalar_inverse.cc[m
2025-10-06T16:50:19.5982872Z [1mindex 98efb72..b609be6 100644[m
2025-10-06T16:50:19.5983374Z [1m--- a/tests/kernel/hypot_scalar_inverse.cc[m
2025-10-06T16:50:19.5983912Z [1m+++ b/tests/kernel/hypot_scalar_inverse.cc[m
2025-10-06T16:50:19.5984437Z [36m@@ -316,4 +316,4 @@[m [mTEMPLATE_TEST_CASE([m
2025-10-06T16:50:19.5984938Z          run_cuda_test<T, true>(data);[m
2025-10-06T16:50:19.5985336Z      }[m
2025-10-06T16:50:19.5985616Z  #endif[m
2025-10-06T16:50:19.5985904Z [31m-}[m
2025-10-06T16:50:19.5986228Z \ No newline at end of file[m
2025-10-06T16:50:19.5986595Z [32m+[m[32m}[m
2025-10-06T16:50:19.6133647Z ##[error]Process completed with exit code 1.
2025-10-06T16:50:19.6214051Z Post job cleanup.
2025-10-06T16:50:19.6266138Z Post job cleanup.
2025-10-06T16:50:19.7198865Z [command]/usr/bin/git version
2025-10-06T16:50:19.7234494Z git version 2.51.0
2025-10-06T16:50:19.7284601Z Temporarily overriding HOME='/home/runner/work/_temp/fc57c9c7-3f7d-484d-94ab-4c2ca0953f64' before making global git config changes
2025-10-06T16:50:19.7286002Z Adding repository directory to the temporary git global config as a safe directory
2025-10-06T16:50:19.7290885Z [command]/usr/bin/git config --global --add safe.directory /home/runner/work/nntile/nntile
2025-10-06T16:50:19.7324919Z [command]/usr/bin/git config --local --name-only --get-regexp core\.sshCommand
2025-10-06T16:50:19.7357209Z [command]/usr/bin/git submodule foreach --recursive sh -c "git config --local --name-only --get-regexp 'core\.sshCommand' && git config --local --unset-all 'core.sshCommand' || :"
2025-10-06T16:50:19.7603968Z [command]/usr/bin/git config --local --name-only --get-regexp http\.https\:\/\/github\.com\/\.extraheader
2025-10-06T16:50:19.7626352Z http.https://github.com/.extraheader
2025-10-06T16:50:19.7640019Z [command]/usr/bin/git config --local --unset-all http.https://github.com/.extraheader
2025-10-06T16:50:19.7671198Z [command]/usr/bin/git submodule foreach --recursive sh -c "git config --local --name-only --get-regexp 'http\.https\:\/\/github\.com\/\.extraheader' && git config --local --unset-all 'http.https://github.com/.extraheader' || :"
2025-10-06T16:50:19.8000051Z Cleaning up orphan processes
